#-----------------------------------------------------------
# Vivado v2020.1 (64-bit)
# SW Build 2902540 on Wed May 27 19:54:49 MDT 2020
# IP Build 2902112 on Wed May 27 22:43:36 MDT 2020
# Start of session at: Wed Mar 20 16:33:32 2024
# Process ID: 18748
# Current directory: C:/Users/photquant/VivadoProjects/Tutorials/redpitaya_guide-master/tmp/3_stopwatch/3_stopwatch.runs/system_processing_system7_0_0_synth_1
# Command line: vivado.exe -log system_processing_system7_0_0.vds -product Vivado -mode batch -messageDb vivado.pb -notrace -source system_processing_system7_0_0.tcl
# Log file: C:/Users/photquant/VivadoProjects/Tutorials/redpitaya_guide-master/tmp/3_stopwatch/3_stopwatch.runs/system_processing_system7_0_0_synth_1/system_processing_system7_0_0.vds
# Journal file: C:/Users/photquant/VivadoProjects/Tutorials/redpitaya_guide-master/tmp/3_stopwatch/3_stopwatch.runs/system_processing_system7_0_0_synth_1\vivado.jou
#-----------------------------------------------------------
source system_processing_system7_0_0.tcl -notrace
