#-----------------------------------------------------------
# Vivado v2020.1 (64-bit)
# SW Build 2902540 on Wed May 27 19:54:49 MDT 2020
# IP Build 2902112 on Wed May 27 22:43:36 MDT 2020
# Start of session at: Thu Mar 30 12:07:15 2023
# Process ID: 34176
# Current directory: C:/Users/arthur/AppData/Roaming/Xilinx/Vivado
# Command line: vivado.exe -gui_launcher_event rodinguilauncherevent27364
# Log file: C:/Users/arthur/AppData/Roaming/Xilinx/Vivado/vivado.log
# Journal file: C:/Users/arthur/AppData/Roaming/Xilinx/Vivado\vivado.jou
#-----------------------------------------------------------
start_gui
source D:/Downloads/cmod-a7/cmod-a7/hw/scripts/digilent_vivado_checkout.tcl
update_compile_order -fileset sources_1
update_compile_order -fileset sources_1
launch_runs impl_1 -to_step write_bitstream -jobs 12
wait_on_run impl_1
archive_project D:/Downloads/cmod-a7/cmod-a7/hw/Cmod-A7-35T-GPIO-hw-2020.1-2.xpr.zip -temp_dir C:/Users/arthur/AppData/Roaming/Xilinx/Vivado/.Xil/Vivado-34176-WK142 -force -include_local_ip_cache -include_config_settings
